exports[`Test View component should render with a text prop 1`] = `
<View>
  <Text
    accessible={true}
    allowFontScaling={true}
    ellipsizeMode="tail">
    This is test text
  </Text>
</View>
`;
